// Jest Snapshot v1, https://goo.gl/fbAQLP

exports[`MessageList should render MessageList 1`] = `[Function]`;
